2025-12-28 15:04:58.928  INFO 11588 --- [main] com.ks.application.RunApplication        : Starting RunApplication using Java 21.0.8 on DESKTOP-U4GD094 with PID 11588 (E:\Documents\GitHub\ksApplication\ks-application\target\classes started by HP in E:\Documents\GitHub\ksApplication\ks-application)
2025-12-28 15:04:58.943 DEBUG 11588 --- [main] com.ks.application.RunApplication        : Running with Spring Boot v2.7.18, Spring v5.3.31
2025-12-28 15:04:58.946  INFO 11588 --- [main] com.ks.application.RunApplication        : The following 1 profile is active: "default"
2025-12-28 15:05:00.244  INFO 11588 --- [main] o.s.b.w.embedded.tomcat.TomcatWebServer  : Tomcat initialized with port(s): 8080 (http)
2025-12-28 15:05:00.257  INFO 11588 --- [main] o.apache.catalina.core.StandardService   : Starting service [Tomcat]
2025-12-28 15:05:00.258  INFO 11588 --- [main] org.apache.catalina.core.StandardEngine  : Starting Servlet engine: [Apache Tomcat/9.0.83]
2025-12-28 15:05:00.411  INFO 11588 --- [main] o.a.c.c.C.[Tomcat].[localhost].[/]       : Initializing Spring embedded WebApplicationContext
2025-12-28 15:05:00.411  INFO 11588 --- [main] w.s.c.ServletWebServerApplicationContext : Root WebApplicationContext: initialization completed in 1399 ms
2025-12-28 15:05:00.981  INFO 11588 --- [main] o.s.s.web.DefaultSecurityFilterChain     : Will secure any request with [org.springframework.security.web.session.DisableEncodeUrlFilter@2a8a3ada, org.springframework.security.web.context.request.async.WebAsyncManagerIntegrationFilter@500051c5, org.springframework.security.web.context.SecurityContextPersistenceFilter@48eaf42f, org.springframework.security.web.header.HeaderWriterFilter@e91b4f4, org.springframework.security.web.authentication.logout.LogoutFilter@546394ed, org.springframework.security.web.authentication.www.BasicAuthenticationFilter@4b862408, org.springframework.security.web.savedrequest.RequestCacheAwareFilter@2091833, org.springframework.security.web.servletapi.SecurityContextHolderAwareRequestFilter@481558ce, org.springframework.security.web.authentication.AnonymousAuthenticationFilter@ec7b5de, org.springframework.security.web.session.SessionManagementFilter@5ccb85d6, org.springframework.security.web.access.ExceptionTranslationFilter@66522ead, org.springframework.security.web.access.intercept.FilterSecurityInterceptor@76ff68c5]
2025-12-28 15:05:01.096  INFO 11588 --- [main] o.s.b.w.embedded.tomcat.TomcatWebServer  : Tomcat started on port(s): 8080 (http) with context path ''
2025-12-28 15:05:01.107  INFO 11588 --- [main] com.ks.application.RunApplication        : Started RunApplication in 2.792 seconds (JVM running for 3.958)
2025-12-28 15:51:29.712  INFO 11588 --- [http-nio-8080-exec-1] o.a.c.c.C.[Tomcat].[localhost].[/]       : Initializing Spring DispatcherServlet 'dispatcherServlet'
2025-12-28 15:51:29.712  INFO 11588 --- [http-nio-8080-exec-1] o.s.web.servlet.DispatcherServlet        : Initializing Servlet 'dispatcherServlet'
2025-12-28 15:51:29.714  INFO 11588 --- [http-nio-8080-exec-1] o.s.web.servlet.DispatcherServlet        : Completed initialization in 2 ms
2025-12-28 15:51:32.956  INFO 11588 --- [http-nio-8080-exec-1] n.s.j.engine.design.JRJdk13Compiler      : Note: Annotation processing is enabled because one or more processors were found
  on the class path. A future release of javac may disable annotation processing
  unless at least one processor is specified by name (-processor), or a search
  path is specified (--processor-path, --processor-module-path), or annotation
  processing is enabled explicitly (-proc:only, -proc:full).
  Use -Xlint:-options to suppress this message.
  Use -proc:none to disable annotation processing.

2025-12-28 15:51:35.137  INFO 11588 --- [http-nio-8080-exec-1] n.s.j.engine.design.JRJdk13Compiler      : Note: Annotation processing is enabled because one or more processors were found
  on the class path. A future release of javac may disable annotation processing
  unless at least one processor is specified by name (-processor), or a search
  path is specified (--processor-path, --processor-module-path), or annotation
  processing is enabled explicitly (-proc:only, -proc:full).
  Use -Xlint:-options to suppress this message.
  Use -proc:none to disable annotation processing.

2025-12-28 15:51:35.876  INFO 11588 --- [http-nio-8080-exec-1] n.s.j.engine.design.JRJdk13Compiler      : Note: Annotation processing is enabled because one or more processors were found
  on the class path. A future release of javac may disable annotation processing
  unless at least one processor is specified by name (-processor), or a search
  path is specified (--processor-path, --processor-module-path), or annotation
  processing is enabled explicitly (-proc:only, -proc:full).
  Use -Xlint:-options to suppress this message.
  Use -proc:none to disable annotation processing.

2025-12-28 15:51:36.383  INFO 11588 --- [http-nio-8080-exec-1] n.s.j.engine.design.JRJdk13Compiler      : Note: Annotation processing is enabled because one or more processors were found
  on the class path. A future release of javac may disable annotation processing
  unless at least one processor is specified by name (-processor), or a search
  path is specified (--processor-path, --processor-module-path), or annotation
  processing is enabled explicitly (-proc:only, -proc:full).
  Use -Xlint:-options to suppress this message.
  Use -proc:none to disable annotation processing.

2025-12-28 15:51:36.646  INFO 11588 --- [http-nio-8080-exec-1] c.k.a.service.soa.PdfProcessor           : No .pdf file for Page_2
2025-12-28 15:51:36.646  INFO 11588 --- [http-nio-8080-exec-1] c.k.a.service.soa.PdfProcessor           : No .pdf file for Page_3
2025-12-28 15:51:36.681  INFO 11588 --- [http-nio-8080-exec-1] c.k.a.service.soa.PdfProcessor           : No .pdf file for Page_5
2025-12-28 15:51:36.681  INFO 11588 --- [http-nio-8080-exec-1] c.k.a.service.soa.PdfProcessor           : No .pdf file for Page_6
2025-12-28 15:51:36.681  INFO 11588 --- [http-nio-8080-exec-1] c.k.a.service.soa.PdfProcessor           : No .pdf file for Page_7
2025-12-28 15:51:36.682  INFO 11588 --- [http-nio-8080-exec-1] c.k.a.service.soa.PdfProcessor           : No .pdf file for Page_8
2025-12-28 15:51:36.682  INFO 11588 --- [http-nio-8080-exec-1] c.k.a.service.soa.PdfProcessor           : No .pdf file for Page_9
2025-12-28 15:51:36.682  INFO 11588 --- [http-nio-8080-exec-1] c.k.a.service.soa.PdfProcessor           : No .pdf file for Page_10
2025-12-28 15:51:37.167  INFO 11588 --- [http-nio-8080-exec-1] n.s.j.engine.design.JRJdk13Compiler      : Note: Annotation processing is enabled because one or more processors were found
  on the class path. A future release of javac may disable annotation processing
  unless at least one processor is specified by name (-processor), or a search
  path is specified (--processor-path, --processor-module-path), or annotation
  processing is enabled explicitly (-proc:only, -proc:full).
  Use -Xlint:-options to suppress this message.
  Use -proc:none to disable annotation processing.

2025-12-28 15:51:37.668  INFO 11588 --- [http-nio-8080-exec-1] n.s.j.engine.design.JRJdk13Compiler      : Note: Annotation processing is enabled because one or more processors were found
  on the class path. A future release of javac may disable annotation processing
  unless at least one processor is specified by name (-processor), or a search
  path is specified (--processor-path, --processor-module-path), or annotation
  processing is enabled explicitly (-proc:only, -proc:full).
  Use -Xlint:-options to suppress this message.
  Use -proc:none to disable annotation processing.

2025-12-28 15:51:38.185  INFO 11588 --- [http-nio-8080-exec-1] n.s.j.engine.design.JRJdk13Compiler      : Note: Annotation processing is enabled because one or more processors were found
  on the class path. A future release of javac may disable annotation processing
  unless at least one processor is specified by name (-processor), or a search
  path is specified (--processor-path, --processor-module-path), or annotation
  processing is enabled explicitly (-proc:only, -proc:full).
  Use -Xlint:-options to suppress this message.
  Use -proc:none to disable annotation processing.

2025-12-28 15:51:38.771  INFO 11588 --- [http-nio-8080-exec-1] n.s.j.engine.design.JRJdk13Compiler      : Note: Annotation processing is enabled because one or more processors were found
  on the class path. A future release of javac may disable annotation processing
  unless at least one processor is specified by name (-processor), or a search
  path is specified (--processor-path, --processor-module-path), or annotation
  processing is enabled explicitly (-proc:only, -proc:full).
  Use -Xlint:-options to suppress this message.
  Use -proc:none to disable annotation processing.

2025-12-28 15:51:39.285  INFO 11588 --- [http-nio-8080-exec-1] n.s.j.engine.design.JRJdk13Compiler      : Note: Annotation processing is enabled because one or more processors were found
  on the class path. A future release of javac may disable annotation processing
  unless at least one processor is specified by name (-processor), or a search
  path is specified (--processor-path, --processor-module-path), or annotation
  processing is enabled explicitly (-proc:only, -proc:full).
  Use -Xlint:-options to suppress this message.
  Use -proc:none to disable annotation processing.

2025-12-28 15:51:39.782  INFO 11588 --- [http-nio-8080-exec-1] n.s.j.engine.design.JRJdk13Compiler      : Note: Annotation processing is enabled because one or more processors were found
  on the class path. A future release of javac may disable annotation processing
  unless at least one processor is specified by name (-processor), or a search
  path is specified (--processor-path, --processor-module-path), or annotation
  processing is enabled explicitly (-proc:only, -proc:full).
  Use -Xlint:-options to suppress this message.
  Use -proc:none to disable annotation processing.

2025-12-28 15:51:39.926  INFO 11588 --- [http-nio-8080-exec-1] c.k.a.service.soa.PdfProcessor           : No .pdf file for Page_4
2025-12-28 15:51:39.926  INFO 11588 --- [http-nio-8080-exec-1] c.k.a.service.soa.PdfProcessor           : No .pdf file for Page_5
2025-12-28 15:51:39.927  INFO 11588 --- [http-nio-8080-exec-1] c.k.a.service.soa.PdfProcessor           : No .pdf file for Page_6
2025-12-28 15:51:39.927  INFO 11588 --- [http-nio-8080-exec-1] c.k.a.service.soa.PdfProcessor           : No .pdf file for Page_7
2025-12-28 15:51:39.927  INFO 11588 --- [http-nio-8080-exec-1] c.k.a.service.soa.PdfProcessor           : No .pdf file for Page_8
2025-12-28 15:51:39.927  INFO 11588 --- [http-nio-8080-exec-1] c.k.a.service.soa.PdfProcessor           : No .pdf file for Page_9
2025-12-28 15:51:39.927  INFO 11588 --- [http-nio-8080-exec-1] c.k.a.service.soa.PdfProcessor           : No .pdf file for Page_10
2025-12-28 16:01:24.919  INFO 25152 --- [main] com.ks.application.RunApplication        : Starting RunApplication using Java 21.0.8 on DESKTOP-U4GD094 with PID 25152 (E:\Documents\GitHub\ksApplication\ks-application\target\classes started by HP in E:\Documents\GitHub\ksApplication\ks-application)
2025-12-28 16:01:24.925 DEBUG 25152 --- [main] com.ks.application.RunApplication        : Running with Spring Boot v2.7.18, Spring v5.3.31
2025-12-28 16:01:24.926  INFO 25152 --- [main] com.ks.application.RunApplication        : The following 1 profile is active: "default"
2025-12-28 16:01:26.079  INFO 25152 --- [main] o.s.b.w.embedded.tomcat.TomcatWebServer  : Tomcat initialized with port(s): 8080 (http)
2025-12-28 16:01:26.092  INFO 25152 --- [main] o.apache.catalina.core.StandardService   : Starting service [Tomcat]
2025-12-28 16:01:26.092  INFO 25152 --- [main] org.apache.catalina.core.StandardEngine  : Starting Servlet engine: [Apache Tomcat/9.0.83]
2025-12-28 16:01:26.202  INFO 25152 --- [main] o.a.c.c.C.[Tomcat].[localhost].[/]       : Initializing Spring embedded WebApplicationContext
2025-12-28 16:01:26.202  INFO 25152 --- [main] w.s.c.ServletWebServerApplicationContext : Root WebApplicationContext: initialization completed in 1212 ms
2025-12-28 16:01:26.770  INFO 25152 --- [main] o.s.s.web.DefaultSecurityFilterChain     : Will secure any request with [org.springframework.security.web.session.DisableEncodeUrlFilter@2a8a3ada, org.springframework.security.web.context.request.async.WebAsyncManagerIntegrationFilter@500051c5, org.springframework.security.web.context.SecurityContextPersistenceFilter@48eaf42f, org.springframework.security.web.header.HeaderWriterFilter@e91b4f4, org.springframework.security.web.authentication.logout.LogoutFilter@546394ed, org.springframework.security.web.authentication.www.BasicAuthenticationFilter@4b862408, org.springframework.security.web.savedrequest.RequestCacheAwareFilter@2091833, org.springframework.security.web.servletapi.SecurityContextHolderAwareRequestFilter@481558ce, org.springframework.security.web.authentication.AnonymousAuthenticationFilter@ec7b5de, org.springframework.security.web.session.SessionManagementFilter@5ccb85d6, org.springframework.security.web.access.ExceptionTranslationFilter@66522ead, org.springframework.security.web.access.intercept.FilterSecurityInterceptor@76ff68c5]
2025-12-28 16:01:26.830  INFO 25152 --- [main] o.s.b.w.embedded.tomcat.TomcatWebServer  : Tomcat started on port(s): 8080 (http) with context path ''
2025-12-28 16:01:26.841  INFO 25152 --- [main] com.ks.application.RunApplication        : Started RunApplication in 2.426 seconds (JVM running for 3.102)
2025-12-28 16:01:39.738  INFO 25152 --- [http-nio-8080-exec-2] o.a.c.c.C.[Tomcat].[localhost].[/]       : Initializing Spring DispatcherServlet 'dispatcherServlet'
2025-12-28 16:01:39.738  INFO 25152 --- [http-nio-8080-exec-2] o.s.web.servlet.DispatcherServlet        : Initializing Servlet 'dispatcherServlet'
2025-12-28 16:01:39.739  INFO 25152 --- [http-nio-8080-exec-2] o.s.web.servlet.DispatcherServlet        : Completed initialization in 1 ms
2025-12-28 16:16:09.577  INFO 18892 --- [main] com.ks.application.RunApplication        : Starting RunApplication using Java 21.0.8 on DESKTOP-U4GD094 with PID 18892 (E:\Documents\GitHub\ksApplication\ks-application\target\classes started by HP in E:\Documents\GitHub\ksApplication\ks-application)
2025-12-28 16:16:09.586 DEBUG 18892 --- [main] com.ks.application.RunApplication        : Running with Spring Boot v2.7.18, Spring v5.3.31
2025-12-28 16:16:09.588  INFO 18892 --- [main] com.ks.application.RunApplication        : The following 1 profile is active: "default"
2025-12-28 16:16:10.877  INFO 18892 --- [main] o.s.b.w.embedded.tomcat.TomcatWebServer  : Tomcat initialized with port(s): 8080 (http)
2025-12-28 16:16:10.890  INFO 18892 --- [main] o.apache.catalina.core.StandardService   : Starting service [Tomcat]
2025-12-28 16:16:10.891  INFO 18892 --- [main] org.apache.catalina.core.StandardEngine  : Starting Servlet engine: [Apache Tomcat/9.0.83]
2025-12-28 16:16:11.017  INFO 18892 --- [main] o.a.c.c.C.[Tomcat].[localhost].[/]       : Initializing Spring embedded WebApplicationContext
2025-12-28 16:16:11.018  INFO 18892 --- [main] w.s.c.ServletWebServerApplicationContext : Root WebApplicationContext: initialization completed in 1347 ms
2025-12-28 16:16:11.646  INFO 18892 --- [main] o.s.s.web.DefaultSecurityFilterChain     : Will secure any request with [org.springframework.security.web.session.DisableEncodeUrlFilter@4c19d42e, org.springframework.security.web.context.request.async.WebAsyncManagerIntegrationFilter@373e6b9d, org.springframework.security.web.context.SecurityContextPersistenceFilter@7bc58891, org.springframework.security.web.header.HeaderWriterFilter@4099209b, org.springframework.security.web.authentication.logout.LogoutFilter@3443e476, org.springframework.security.web.authentication.www.BasicAuthenticationFilter@4aa2877c, org.springframework.security.web.savedrequest.RequestCacheAwareFilter@554188ac, org.springframework.security.web.servletapi.SecurityContextHolderAwareRequestFilter@7ea2412c, org.springframework.security.web.authentication.AnonymousAuthenticationFilter@65629ac6, org.springframework.security.web.session.SessionManagementFilter@48eaf42f, org.springframework.security.web.access.ExceptionTranslationFilter@2ffe243f, org.springframework.security.web.access.intercept.FilterSecurityInterceptor@1da1380b]
2025-12-28 16:16:11.752  INFO 18892 --- [main] o.s.b.w.embedded.tomcat.TomcatWebServer  : Tomcat started on port(s): 8080 (http) with context path ''
2025-12-28 16:16:11.765  INFO 18892 --- [main] com.ks.application.RunApplication        : Started RunApplication in 2.729 seconds (JVM running for 3.399)
2025-12-28 16:20:59.655  INFO 11068 --- [main] com.ks.application.RunApplication        : Starting RunApplication using Java 21.0.8 on DESKTOP-U4GD094 with PID 11068 (E:\Documents\GitHub\ksApplication\ks-application\target\classes started by HP in E:\Documents\GitHub\ksApplication\ks-application)
2025-12-28 16:20:59.663 DEBUG 11068 --- [main] com.ks.application.RunApplication        : Running with Spring Boot v2.7.18, Spring v5.3.31
2025-12-28 16:20:59.664  INFO 11068 --- [main] com.ks.application.RunApplication        : The following 1 profile is active: "default"
2025-12-28 16:21:01.137  INFO 11068 --- [main] o.s.b.w.embedded.tomcat.TomcatWebServer  : Tomcat initialized with port(s): 8080 (http)
2025-12-28 16:21:01.153  INFO 11068 --- [main] o.apache.catalina.core.StandardService   : Starting service [Tomcat]
2025-12-28 16:21:01.153  INFO 11068 --- [main] org.apache.catalina.core.StandardEngine  : Starting Servlet engine: [Apache Tomcat/9.0.83]
2025-12-28 16:21:01.288  INFO 11068 --- [main] o.a.c.c.C.[Tomcat].[localhost].[/]       : Initializing Spring embedded WebApplicationContext
2025-12-28 16:21:01.288  INFO 11068 --- [main] w.s.c.ServletWebServerApplicationContext : Root WebApplicationContext: initialization completed in 1537 ms
2025-12-28 16:21:01.951  INFO 11068 --- [main] o.s.s.web.DefaultSecurityFilterChain     : Will secure any request with [org.springframework.security.web.session.DisableEncodeUrlFilter@307e4c44, org.springframework.security.web.context.request.async.WebAsyncManagerIntegrationFilter@2a8a3ada, org.springframework.security.web.context.SecurityContextPersistenceFilter@259b85d6, org.springframework.security.web.header.HeaderWriterFilter@5a484ce1, org.springframework.security.web.authentication.logout.LogoutFilter@33e434c8, org.springframework.security.web.authentication.www.BasicAuthenticationFilter@1f87607c, org.springframework.security.web.savedrequest.RequestCacheAwareFilter@488f3dd1, org.springframework.security.web.servletapi.SecurityContextHolderAwareRequestFilter@1f43cab7, org.springframework.security.web.authentication.AnonymousAuthenticationFilter@500051c5, org.springframework.security.web.session.SessionManagementFilter@4215e133, org.springframework.security.web.access.ExceptionTranslationFilter@634ff56, org.springframework.security.web.access.intercept.FilterSecurityInterceptor@4d7a64ca]
2025-12-28 16:21:02.015  INFO 11068 --- [main] o.s.b.w.embedded.tomcat.TomcatWebServer  : Tomcat started on port(s): 8080 (http) with context path ''
2025-12-28 16:21:02.033  INFO 11068 --- [main] com.ks.application.RunApplication        : Started RunApplication in 2.978 seconds (JVM running for 3.744)
2025-12-28 16:27:55.631  INFO 11068 --- [http-nio-8080-exec-2] o.a.c.c.C.[Tomcat].[localhost].[/]       : Initializing Spring DispatcherServlet 'dispatcherServlet'
2025-12-28 16:27:55.631  INFO 11068 --- [http-nio-8080-exec-2] o.s.web.servlet.DispatcherServlet        : Initializing Servlet 'dispatcherServlet'
2025-12-28 16:27:55.634  INFO 11068 --- [http-nio-8080-exec-2] o.s.web.servlet.DispatcherServlet        : Completed initialization in 3 ms
2025-12-28 16:30:46.979  INFO 11068 --- [http-nio-8080-exec-2] n.s.j.engine.design.JRJdk13Compiler      : Note: Annotation processing is enabled because one or more processors were found
  on the class path. A future release of javac may disable annotation processing
  unless at least one processor is specified by name (-processor), or a search
  path is specified (--processor-path, --processor-module-path), or annotation
  processing is enabled explicitly (-proc:only, -proc:full).
  Use -Xlint:-options to suppress this message.
  Use -proc:none to disable annotation processing.

2025-12-28 16:31:11.701  INFO 25896 --- [main] com.ks.application.RunApplication        : Starting RunApplication using Java 21.0.8 on DESKTOP-U4GD094 with PID 25896 (E:\Documents\GitHub\ksApplication\ks-application\target\classes started by HP in E:\Documents\GitHub\ksApplication\ks-application)
2025-12-28 16:31:11.707 DEBUG 25896 --- [main] com.ks.application.RunApplication        : Running with Spring Boot v2.7.18, Spring v5.3.31
2025-12-28 16:31:11.708  INFO 25896 --- [main] com.ks.application.RunApplication        : The following 1 profile is active: "default"
2025-12-28 16:31:12.905  INFO 25896 --- [main] o.s.b.w.embedded.tomcat.TomcatWebServer  : Tomcat initialized with port(s): 8080 (http)
2025-12-28 16:31:12.916  INFO 25896 --- [main] o.apache.catalina.core.StandardService   : Starting service [Tomcat]
2025-12-28 16:31:12.917  INFO 25896 --- [main] org.apache.catalina.core.StandardEngine  : Starting Servlet engine: [Apache Tomcat/9.0.83]
2025-12-28 16:31:13.030  INFO 25896 --- [main] o.a.c.c.C.[Tomcat].[localhost].[/]       : Initializing Spring embedded WebApplicationContext
2025-12-28 16:31:13.031  INFO 25896 --- [main] w.s.c.ServletWebServerApplicationContext : Root WebApplicationContext: initialization completed in 1255 ms
2025-12-28 16:31:13.624  INFO 25896 --- [main] o.s.s.web.DefaultSecurityFilterChain     : Will secure any request with [org.springframework.security.web.session.DisableEncodeUrlFilter@40709f9, org.springframework.security.web.context.request.async.WebAsyncManagerIntegrationFilter@6b1b19cf, org.springframework.security.web.context.SecurityContextPersistenceFilter@2ffe243f, org.springframework.security.web.header.HeaderWriterFilter@3b7c80c6, org.springframework.security.web.authentication.logout.LogoutFilter@12e12ac9, org.springframework.security.web.authentication.www.BasicAuthenticationFilter@3e39baf0, org.springframework.security.web.savedrequest.RequestCacheAwareFilter@4099209b, org.springframework.security.web.servletapi.SecurityContextHolderAwareRequestFilter@1de0641b, org.springframework.security.web.authentication.AnonymousAuthenticationFilter@6393bf8b, org.springframework.security.web.session.SessionManagementFilter@66522ead, org.springframework.security.web.access.ExceptionTranslationFilter@54336976, org.springframework.security.web.access.intercept.FilterSecurityInterceptor@5529ff44]
2025-12-28 16:31:13.686  INFO 25896 --- [main] o.s.b.w.embedded.tomcat.TomcatWebServer  : Tomcat started on port(s): 8080 (http) with context path ''
2025-12-28 16:31:13.697  INFO 25896 --- [main] com.ks.application.RunApplication        : Started RunApplication in 2.547 seconds (JVM running for 3.214)
2025-12-28 16:31:17.496  INFO 25896 --- [http-nio-8080-exec-3] o.a.c.c.C.[Tomcat].[localhost].[/]       : Initializing Spring DispatcherServlet 'dispatcherServlet'
2025-12-28 16:31:17.497  INFO 25896 --- [http-nio-8080-exec-3] o.s.web.servlet.DispatcherServlet        : Initializing Servlet 'dispatcherServlet'
2025-12-28 16:31:17.498  INFO 25896 --- [http-nio-8080-exec-3] o.s.web.servlet.DispatcherServlet        : Completed initialization in 1 ms
2025-12-28 16:31:24.997  INFO 25896 --- [http-nio-8080-exec-3] n.s.j.engine.design.JRJdk13Compiler      : Note: Annotation processing is enabled because one or more processors were found
  on the class path. A future release of javac may disable annotation processing
  unless at least one processor is specified by name (-processor), or a search
  path is specified (--processor-path, --processor-module-path), or annotation
  processing is enabled explicitly (-proc:only, -proc:full).
  Use -Xlint:-options to suppress this message.
  Use -proc:none to disable annotation processing.

2025-12-28 16:31:33.100  INFO 25896 --- [http-nio-8080-exec-3] n.s.j.engine.design.JRJdk13Compiler      : Note: Annotation processing is enabled because one or more processors were found
  on the class path. A future release of javac may disable annotation processing
  unless at least one processor is specified by name (-processor), or a search
  path is specified (--processor-path, --processor-module-path), or annotation
  processing is enabled explicitly (-proc:only, -proc:full).
  Use -Xlint:-options to suppress this message.
  Use -proc:none to disable annotation processing.

2025-12-28 16:32:09.383  INFO 25896 --- [http-nio-8080-exec-3] n.s.j.engine.design.JRJdk13Compiler      : Note: Annotation processing is enabled because one or more processors were found
  on the class path. A future release of javac may disable annotation processing
  unless at least one processor is specified by name (-processor), or a search
  path is specified (--processor-path, --processor-module-path), or annotation
  processing is enabled explicitly (-proc:only, -proc:full).
  Use -Xlint:-options to suppress this message.
  Use -proc:none to disable annotation processing.

2025-12-28 16:32:09.927  INFO 25896 --- [http-nio-8080-exec-3] n.s.j.engine.design.JRJdk13Compiler      : Note: Annotation processing is enabled because one or more processors were found
  on the class path. A future release of javac may disable annotation processing
  unless at least one processor is specified by name (-processor), or a search
  path is specified (--processor-path, --processor-module-path), or annotation
  processing is enabled explicitly (-proc:only, -proc:full).
  Use -Xlint:-options to suppress this message.
  Use -proc:none to disable annotation processing.

2025-12-28 16:32:10.238  INFO 25896 --- [http-nio-8080-exec-3] c.k.a.service.soa.PdfProcessor           : No .pdf file for Page_2
2025-12-28 16:32:10.238  INFO 25896 --- [http-nio-8080-exec-3] c.k.a.service.soa.PdfProcessor           : No .pdf file for Page_3
2025-12-28 16:32:10.276  INFO 25896 --- [http-nio-8080-exec-3] c.k.a.service.soa.PdfProcessor           : No .pdf file for Page_5
2025-12-28 16:32:10.276  INFO 25896 --- [http-nio-8080-exec-3] c.k.a.service.soa.PdfProcessor           : No .pdf file for Page_6
2025-12-28 16:32:10.277  INFO 25896 --- [http-nio-8080-exec-3] c.k.a.service.soa.PdfProcessor           : No .pdf file for Page_7
2025-12-28 16:32:10.277  INFO 25896 --- [http-nio-8080-exec-3] c.k.a.service.soa.PdfProcessor           : No .pdf file for Page_8
2025-12-28 16:32:10.277  INFO 25896 --- [http-nio-8080-exec-3] c.k.a.service.soa.PdfProcessor           : No .pdf file for Page_9
2025-12-28 16:32:10.277  INFO 25896 --- [http-nio-8080-exec-3] c.k.a.service.soa.PdfProcessor           : No .pdf file for Page_10
2025-12-28 16:32:10.727  INFO 25896 --- [http-nio-8080-exec-3] n.s.j.engine.design.JRJdk13Compiler      : Note: Annotation processing is enabled because one or more processors were found
  on the class path. A future release of javac may disable annotation processing
  unless at least one processor is specified by name (-processor), or a search
  path is specified (--processor-path, --processor-module-path), or annotation
  processing is enabled explicitly (-proc:only, -proc:full).
  Use -Xlint:-options to suppress this message.
  Use -proc:none to disable annotation processing.

2025-12-28 16:32:11.228  INFO 25896 --- [http-nio-8080-exec-3] n.s.j.engine.design.JRJdk13Compiler      : Note: Annotation processing is enabled because one or more processors were found
  on the class path. A future release of javac may disable annotation processing
  unless at least one processor is specified by name (-processor), or a search
  path is specified (--processor-path, --processor-module-path), or annotation
  processing is enabled explicitly (-proc:only, -proc:full).
  Use -Xlint:-options to suppress this message.
  Use -proc:none to disable annotation processing.

2025-12-28 16:32:11.682  INFO 25896 --- [http-nio-8080-exec-3] n.s.j.engine.design.JRJdk13Compiler      : Note: Annotation processing is enabled because one or more processors were found
  on the class path. A future release of javac may disable annotation processing
  unless at least one processor is specified by name (-processor), or a search
  path is specified (--processor-path, --processor-module-path), or annotation
  processing is enabled explicitly (-proc:only, -proc:full).
  Use -Xlint:-options to suppress this message.
  Use -proc:none to disable annotation processing.

2025-12-28 16:32:12.152  INFO 25896 --- [http-nio-8080-exec-3] n.s.j.engine.design.JRJdk13Compiler      : Note: Annotation processing is enabled because one or more processors were found
  on the class path. A future release of javac may disable annotation processing
  unless at least one processor is specified by name (-processor), or a search
  path is specified (--processor-path, --processor-module-path), or annotation
  processing is enabled explicitly (-proc:only, -proc:full).
  Use -Xlint:-options to suppress this message.
  Use -proc:none to disable annotation processing.

2025-12-28 16:32:12.662  INFO 25896 --- [http-nio-8080-exec-3] n.s.j.engine.design.JRJdk13Compiler      : Note: Annotation processing is enabled because one or more processors were found
  on the class path. A future release of javac may disable annotation processing
  unless at least one processor is specified by name (-processor), or a search
  path is specified (--processor-path, --processor-module-path), or annotation
  processing is enabled explicitly (-proc:only, -proc:full).
  Use -Xlint:-options to suppress this message.
  Use -proc:none to disable annotation processing.

2025-12-28 16:32:13.070  INFO 25896 --- [http-nio-8080-exec-3] n.s.j.engine.design.JRJdk13Compiler      : Note: Annotation processing is enabled because one or more processors were found
  on the class path. A future release of javac may disable annotation processing
  unless at least one processor is specified by name (-processor), or a search
  path is specified (--processor-path, --processor-module-path), or annotation
  processing is enabled explicitly (-proc:only, -proc:full).
  Use -Xlint:-options to suppress this message.
  Use -proc:none to disable annotation processing.

2025-12-28 16:32:13.201  INFO 25896 --- [http-nio-8080-exec-3] c.k.a.service.soa.PdfProcessor           : No .pdf file for Page_4
2025-12-28 16:32:13.202  INFO 25896 --- [http-nio-8080-exec-3] c.k.a.service.soa.PdfProcessor           : No .pdf file for Page_5
2025-12-28 16:32:13.202  INFO 25896 --- [http-nio-8080-exec-3] c.k.a.service.soa.PdfProcessor           : No .pdf file for Page_6
2025-12-28 16:32:13.202  INFO 25896 --- [http-nio-8080-exec-3] c.k.a.service.soa.PdfProcessor           : No .pdf file for Page_7
2025-12-28 16:32:13.202  INFO 25896 --- [http-nio-8080-exec-3] c.k.a.service.soa.PdfProcessor           : No .pdf file for Page_8
2025-12-28 16:32:13.202  INFO 25896 --- [http-nio-8080-exec-3] c.k.a.service.soa.PdfProcessor           : No .pdf file for Page_9
2025-12-28 16:32:13.203  INFO 25896 --- [http-nio-8080-exec-3] c.k.a.service.soa.PdfProcessor           : No .pdf file for Page_10
